// Jest Snapshot v1, https://goo.gl/fbAQLP

exports[`renders correctly 1`] = `
<button
  className="block w-full p-2.5 mt-5 text-base font-medium text-white buttonGreen"
  type="button"
>
  Green Button Text
</button>
`;
