// Jest Snapshot v1, https://goo.gl/fbAQLP

exports[`renders correctly 1`] = `
<div
  className="mt-4"
>
  <input
    className="border border-gray-300 bg-gray-100 text-base font-medium block w-full p-2.5 placeholder:text-black placeholder:text-base placeholder:font-medium outline-0"
    id="firstName"
    name="firstName"
    onBlur={[Function]}
    onChange={[Function]}
    placeholder="First Name"
    type="text"
  />
</div>
`;
