// Jest Snapshot v1, https://goo.gl/fbAQLP

exports[`renders correctly 1`] = `
<div
  className="boxBackground"
  data-test="popup-1"
  style={
    Object {
      "fontFamily": "Roboto",
    }
  }
>
  <div
    className="flex flex-col justify-center items-center bg-white text-center m-auto box"
  >
    <button
      className="buttonClose"
      onClick={[Function]}
      type="button"
    >
      <span>
        +
      </span>
    </button>
    <h1
      className="headline"
      data-test="popup-headline"
    >
      HeadLine
    </h1>
    <h2
      className="description"
      data-test="popup-description"
    >
      Description
    </h2>
    <form
      action="#"
      onReset={[Function]}
      onSubmit={[Function]}
    >
      <div
        className="mt-4"
      >
        <input
          className="border border-gray-300 bg-gray-100 text-base font-medium block w-full p-2.5 placeholder:text-black placeholder:text-base placeholder:font-medium outline-0"
          id="fullName"
          name="fullName"
          onBlur={[Function]}
          onChange={[Function]}
          placeholder="Your Name"
          type="text"
          value=""
        />
      </div>
      <div
        className="mt-4"
      >
        <input
          className="border border-gray-300 bg-gray-100 text-base font-medium block w-full p-2.5 placeholder:text-black placeholder:text-base placeholder:font-medium outline-0"
          id="email"
          name="email"
          onBlur={[Function]}
          onChange={[Function]}
          placeholder="Email"
          type="text"
          value=""
        />
      </div>
      <div
        className="mt-4"
      >
        <select
          className="border border-gray-300 bg-gray-100 text-base block w-full p-2.5 font-medium outline-0"
          id="font"
          name="font"
          onBlur={[Function]}
          onChange={[Function]}
          value=""
        >
          <option
            value=""
          >
            Select Font
          </option>
          <option
            value="ABeeZee"
          >
            ABeeZee
          </option>
          <option
            value="Abel"
          >
            Abel
          </option>
        </select>
      </div>
      <button
        className="block w-full p-2.5 mt-5 text-base font-medium text-white buttonGreen"
        type="submit"
      >
        ButtonText
      </button>
    </form>
  </div>
</div>
`;
