// Jest Snapshot v1, https://goo.gl/fbAQLP

exports[`renders correctly 1`] = `
<div
  className="flex flex-col h-screen p-16 bg-white shadow"
>
  <h1
    className="text-2xl font-semibold underline"
  >
    General Settings
  </h1>
  <form
    action="#"
    onReset={[Function]}
    onSubmit={[Function]}
  >
    <div
      className="mt-5"
    >
      <label
        className="block mb-2 text-m font-medium text-gray-900 dark:text-gray-300"
        htmlFor="headline"
      >
        Headline
      </label>
      <input
        className="border border-gray-300 text-gray-900 text-m rounded-lg block w-full p-2.5 outline-0"
        id="headline"
        name="headline"
        onBlur={[Function]}
        onChange={[Function]}
        placeholder="NEW STUFF"
        type="text"
        value="HeadLine"
      />
    </div>
    <div
      className="mt-5"
    >
      <label
        className="block mb-2 text-m font-medium text-gray-900 dark:text-gray-300"
        htmlFor="description"
      >
        Description
      </label>
      <textarea
        className="border border-gray-300 text-gray-900 text-m rounded-lg block w-full p-2.5 resize-none outline-0"
        id="description"
        name="description"
        onBlur={[Function]}
        onChange={[Function]}
        placeholder="Description"
        rows={5}
        value="Description"
      />
    </div>
    <div
      className="mt-5"
    >
      <label
        className="block mb-2 text-m font-medium text-gray-900 dark:text-gray-300"
        htmlFor="buttonText"
      >
        Button Text
      </label>
      <input
        className="border border-gray-300 text-gray-900 text-m rounded-lg block w-full p-2.5 outline-0"
        id="buttonText"
        name="buttonText"
        onBlur={[Function]}
        onChange={[Function]}
        placeholder="Button Text"
        type="text"
        value="ButtonText"
      />
    </div>
    <div
      className="mt-5"
    >
      <label
        className="block mb-2 text-m font-medium text-gray-900 dark:text-gray-300"
        htmlFor="successMessage"
      >
        Success Message
      </label>
      <input
        className="border border-gray-300 text-gray-900 text-m rounded-lg block w-full p-2.5 outline-0"
        id="successMessage"
        name="successMessage"
        onBlur={[Function]}
        onChange={[Function]}
        placeholder="Success"
        type="text"
        value="successMessage"
      />
    </div>
    <div
      className="mt-4"
    >
      <label
        className="block mb-2 text-m font-medium text-gray-900 dark:text-gray-300"
        htmlFor="fontSelector"
      >
        Font
      </label>
      <select
        className="border border-gray-300 text-gray-900 text-m rounded-lg block w-full p-2.5 outline-0"
        id="fontSelector"
        name="font"
        onBlur={[Function]}
        onChange={[Function]}
        value="Roboto"
      >
        <option
          value=""
        >
          Select Font
        </option>
        <option
          value="'ABeeZee', sans-serif"
        >
          ABeeZee
        </option>
        <option
          value="'Abel', sans-serif"
        >
          Abel
        </option>
      </select>
    </div>
  </form>
</div>
`;
